{
  "Summary": {
    "Services": {}
  },
  "Details": {
    "Operations": [],
    "DebugEvents": [],
    "MessageTypes": {
      "TotalProviderCount": null,
      "MessageTypes": []
    }
  }
}