{
  "Value": "Hello",
  "Array": [
    5,
    0,
    7,
    1,
    4,
    3,
    2,
    8,
    6,
    9
  ],
  "Again": {
    "Hello": "World!",
    "Value": 1234.4
  },
  "Mixed": [
    {
      "Hi": "There"
    },
    1,
    3.4,
    "E14DC8BE-5306-475D-B75E-5DFF6BF2B8A1",
    {
      "Bi": "There"
    },
    {
      "Bi": "There2"
    },
    {
      "Bi": "There",
      "ANother": "one"
    },
    {
      "Bi": "There",
      "ANother": "tow"
    },
    "2021-08-20T08:23:51.6310298-04:00"
  ]
}